%!Adobe-FontList 1.22
%Locale:0x409

%BeginFont
Handler:DirectoryHandler
FontType:Invalid
OutlineFileName:/Users/diandrahermann/Desktop/P2_Abschlussdoku Ordner/Document fonts/AdobeFnt22.lst
FileLength:2782
FileModTime:615833951
%EndFont

%BeginFont
Handler:DirectoryHandler
FontType:TrueType
FontName:Avenir-Book
FamilyName:Avenir
StyleName:Book
MenuName:Avenir Book
StyleBits:0
WeightClass:400
WidthClass:5
AngleClass:0
FullName:Avenir Book
WritingScript:Roman
OutlineFileName:/Users/diandrahermann/Desktop/P2_Abschlussdoku Ordner/Document fonts/Avenir.ttc
TTCOffset:72
DataFormat:sfntData
hasSVG:no
VariableFontType:NonVariableFont
FileLength:1639536
FileModTime:615833932
NameArray:0,Mac,18,Avenir Book
NameArray:0,Mac,4,Avenir Book
NameArray:0,Win,1,Avenir Book
NameArray:0,Win,16,Avenir
%EndFont

%BeginFont
Handler:DirectoryHandler
FontType:TrueType
FontName:FrutigerCE-Roman
FamilyName:Frutiger CE 55 Roman
StyleName:Regular
MenuName:Frutiger CE 55 Roman
StyleBits:0
WeightClass:400
WidthClass:5
AngleClass:0
FullName:Frutiger CE 55 Roman
WritingScript:Roman
OutlineFileName:/Users/diandrahermann/Desktop/P2_Abschlussdoku Ordner/Document fonts/FrutigerCE55Roman.ttf
DataFormat:sfntData
hasSVG:no
VariableFontType:NonVariableFont
FileLength:57364
FileModTime:609683126
NameArray:0,Mac,4,Frutiger CE 55 Roman
NameArray:0,Win,1,Frutiger CE 55 Roman
%EndFont

%BeginFont
Handler:DirectoryHandler
FontType:TrueType
FontName:FrutigerLT-Light
FamilyName:Frutiger LT 45 Light
StyleName:Regular
MenuName:Frutiger LT 45 Light
StyleBits:0
WeightClass:400
WidthClass:5
AngleClass:0
FullName:Frutiger LT 45 Light
WritingScript:Roman
OutlineFileName:/Users/diandrahermann/Desktop/P2_Abschlussdoku Ordner/Document fonts/FrutigerLT45Light.ttf
DataFormat:sfntData
hasSVG:no
VariableFontType:NonVariableFont
FileLength:89772
FileModTime:611583209
NameArray:0,Mac,4,Frutiger LT 45 Light
NameArray:0,Win,1,Frutiger LT 45 Light
%EndFont

%BeginFont
Handler:DirectoryHandler
FontType:TrueType
FontName:MarkerFelt-Thin
FamilyName:Marker Felt
StyleName:Thin
MenuName:Marker Felt
StyleBits:0
WeightClass:400
WidthClass:5
AngleClass:0
FullName:Marker Felt Thin
WritingScript:Roman
OutlineFileName:/Users/diandrahermann/Desktop/P2_Abschlussdoku Ordner/Document fonts/MarkerFelt.ttc
TTCOffset:32
DataFormat:sfntData
hasSVG:no
VariableFontType:NonVariableFont
FileLength:627492
FileModTime:615833932
NameArray:0,Mac,4,Marker Felt Thin
%EndFont

%BeginFont
Handler:DirectoryHandler
FontType:Type1
FontName:MinionPro-Regular
FamilyName:Minion Pro
StyleName:Regular
MenuName:Minion Pro
StyleBits:0
WeightClass:400
WidthClass:5
AngleClass:0
FullName:Minion Pro
WritingScript:Roman
OutlineFileName:/Users/diandrahermann/Desktop/P2_Abschlussdoku Ordner/Document fonts/MinionPro-Regular.otf
DataFormat:sfntData
UsesStandardEncoding:yes
isCFF:yes
hasSVG:no
VariableFontType:NonVariableFont
FileLength:218640
FileModTime:554489170
DesignSize:110
NameArray:0,Mac,4,Minion Pro
NameArray:0,Win,1,Minion Pro
%EndFont

